I'm sorry, but errors were detected in your script. Please correct the
errors listed below, and try again.


File "game/script.rpy", line 477: if statement expects a non-empty block.
    if(spirit == "Лес"):
                        ^

Ren'Py Version: Ren'Py 7.4.11.2266
Tue Jan  4 15:29:35 2022
